2026-09-29 13:00:01 - ============================================================
2026-09-29 13:00:01 - INICIO DE ENVIO DE REPORTES 2026
2026-09-29 13:00:01 - ============================================================
2026-09-29 13:00:01 - Origen: /home/soporte/Documents
2026-09-29 13:00:01 - Repositorio: /home/soporte/Documents/DATASETS_CLASE
2026-09-29 13:00:01 - Verificando archivos de origen...
2026-09-29 13:00:01 - OK: Ambos archivos existen.
2026-09-29 13:00:01 - Copiando archivos al repositorio...
2026-09-29 13:00:01 - OK: Archivos copiados correctamente.
2026-09-29 13:00:01 - OK: Archivos verificados en el repositorio.
2026-09-29 13:00:01 - Estado actual del repositorio:
 M REPORTE_AUTOMATIZADO_2026.csv
 M REPORTE_DIGDT_2026.csv
 M subida.log
 M subida_2026.log
?? cron_2026.log
2026-09-29 13:00:01 - Agregando archivos al repositorio...
2026-09-29 13:00:01 - OK: Archivos agregados a Git.
2026-09-29 13:00:01 - Creando commit...
[main ab19d0a] Actualizacion de reportes 2026
 2 files changed, 4 insertions(+), 3 deletions(-)
2026-09-29 13:00:01 - OK: Commit creado correctamente.
2026-09-29 13:00:01 - Enviando archivos a GitHub...
To github.com:sebastianVP/DATASETS_CLASE.git
   ab72287..ab19d0a  main -> main
2026-09-29 13:00:07 - OK: Archivos enviados correctamente a GitHub.
2026-09-29 13:00:07 - ============================================================
2026-09-29 13:00:07 - ENVIO COMPLETADO CORRECTAMENTE
2026-09-29 13:00:07 - ============================================================
2026-09-30 13:00:01 - ============================================================
2026-09-30 13:00:01 - INICIO DE ENVIO DE REPORTES 2026
2026-09-30 13:00:01 - ============================================================
2026-09-30 13:00:01 - Origen: /home/soporte/Documents
2026-09-30 13:00:01 - Repositorio: /home/soporte/Documents/DATASETS_CLASE
2026-09-30 13:00:01 - Verificando archivos de origen...
2026-09-30 13:00:01 - OK: Ambos archivos existen.
2026-09-30 13:00:01 - Copiando archivos al repositorio...
2026-09-30 13:00:01 - OK: Archivos copiados correctamente.
2026-09-30 13:00:01 - OK: Archivos verificados en el repositorio.
2026-09-30 13:00:01 - Estado actual del repositorio:
 M REPORTE_AUTOMATIZADO_2026.csv
 M REPORTE_DIGDT_2026.csv
 M cron_2026.log
 M subida.log
 M subida_2026.log
2026-09-30 13:00:01 - Agregando archivos al repositorio...
2026-09-30 13:00:01 - OK: Archivos agregados a Git.
2026-09-30 13:00:01 - Creando commit...
[main 86ae195] Actualizacion de reportes 2026
 2 files changed, 7 insertions(+), 5 deletions(-)
2026-09-30 13:00:01 - OK: Commit creado correctamente.
2026-09-30 13:00:01 - Enviando archivos a GitHub...
To github.com:sebastianVP/DATASETS_CLASE.git
   d47d1a1..86ae195  main -> main
2026-09-30 13:00:08 - OK: Archivos enviados correctamente a GitHub.
2026-09-30 13:00:08 - ============================================================
2026-09-30 13:00:08 - ENVIO COMPLETADO CORRECTAMENTE
2026-09-30 13:00:08 - ============================================================
2026-10-01 13:00:01 - ============================================================
2026-10-01 13:00:01 - INICIO DE ENVIO DE REPORTES 2026
2026-10-01 13:00:01 - ============================================================
2026-10-01 13:00:01 - Origen: /home/soporte/Documents
2026-10-01 13:00:01 - Repositorio: /home/soporte/Documents/DATASETS_CLASE
2026-10-01 13:00:01 - Verificando archivos de origen...
2026-10-01 13:00:01 - OK: Ambos archivos existen.
2026-10-01 13:00:01 - Copiando archivos al repositorio...
2026-10-01 13:00:01 - OK: Archivos copiados correctamente.
2026-10-01 13:00:01 - OK: Archivos verificados en el repositorio.
2026-10-01 13:00:01 - Estado actual del repositorio:
 M REPORTE_AUTOMATIZADO_2026.csv
 M REPORTE_DIGDT_2026.csv
 M cron_2026.log
 M subida.log
 M subida_2026.log
2026-10-01 13:00:01 - Agregando archivos al repositorio...
2026-10-01 13:00:01 - OK: Archivos agregados a Git.
2026-10-01 13:00:02 - Creando commit...
[main d9c7bdd] Actualizacion de reportes 2026
 2 files changed, 6 insertions(+), 3 deletions(-)
2026-10-01 13:00:02 - OK: Commit creado correctamente.
2026-10-01 13:00:02 - Enviando archivos a GitHub...
To github.com:sebastianVP/DATASETS_CLASE.git
   44554c1..d9c7bdd  main -> main
2026-10-01 13:00:05 - OK: Archivos enviados correctamente a GitHub.
2026-10-01 13:00:05 - ============================================================
2026-10-01 13:00:05 - ENVIO COMPLETADO CORRECTAMENTE
2026-10-01 13:00:05 - ============================================================
2026-10-02 13:00:01 - ============================================================
2026-10-02 13:00:01 - INICIO DE ENVIO DE REPORTES 2026
2026-10-02 13:00:01 - ============================================================
2026-10-02 13:00:01 - Origen: /home/soporte/Documents
2026-10-02 13:00:01 - Repositorio: /home/soporte/Documents/DATASETS_CLASE
2026-10-02 13:00:01 - Verificando archivos de origen...
2026-10-02 13:00:01 - OK: Ambos archivos existen.
2026-10-02 13:00:01 - Copiando archivos al repositorio...
2026-10-02 13:00:01 - OK: Archivos copiados correctamente.
2026-10-02 13:00:01 - OK: Archivos verificados en el repositorio.
2026-10-02 13:00:01 - Estado actual del repositorio:
 M REPORTE_AUTOMATIZADO_2026.csv
 M REPORTE_DIGDT_2026.csv
 M cron_2026.log
 M subida.log
 M subida_2026.log
2026-10-02 13:00:01 - Agregando archivos al repositorio...
2026-10-02 13:00:01 - OK: Archivos agregados a Git.
2026-10-02 13:00:01 - Creando commit...
[main 1a20698] Actualizacion de reportes 2026
 2 files changed, 5 insertions(+), 2 deletions(-)
2026-10-02 13:00:01 - OK: Commit creado correctamente.
2026-10-02 13:00:01 - Enviando archivos a GitHub...
To github.com:sebastianVP/DATASETS_CLASE.git
   4a75909..1a20698  main -> main
2026-10-02 13:00:05 - OK: Archivos enviados correctamente a GitHub.
2026-10-02 13:00:05 - ============================================================
2026-10-02 13:00:05 - ENVIO COMPLETADO CORRECTAMENTE
2026-10-02 13:00:05 - ============================================================
2026-10-03 13:00:01 - ============================================================
2026-10-03 13:00:01 - INICIO DE ENVIO DE REPORTES 2026
2026-10-03 13:00:01 - ============================================================
2026-10-03 13:00:01 - Origen: /home/soporte/Documents
2026-10-03 13:00:01 - Repositorio: /home/soporte/Documents/DATASETS_CLASE
2026-10-03 13:00:01 - Verificando archivos de origen...
2026-10-03 13:00:01 - OK: Ambos archivos existen.
2026-10-03 13:00:01 - Copiando archivos al repositorio...
2026-10-03 13:00:01 - OK: Archivos copiados correctamente.
2026-10-03 13:00:01 - OK: Archivos verificados en el repositorio.
2026-10-03 13:00:01 - Estado actual del repositorio:
 M REPORTE_AUTOMATIZADO_2026.csv
 M REPORTE_DIGDT_2026.csv
 M cron_2026.log
 M subida.log
 M subida_2026.log
2026-10-03 13:00:01 - Agregando archivos al repositorio...
2026-10-03 13:00:01 - OK: Archivos agregados a Git.
2026-10-03 13:00:01 - Creando commit...
[main f1e4f07] Actualizacion de reportes 2026
 2 files changed, 5 insertions(+), 3 deletions(-)
2026-10-03 13:00:01 - OK: Commit creado correctamente.
2026-10-03 13:00:01 - Enviando archivos a GitHub...
To github.com:sebastianVP/DATASETS_CLASE.git
   8ce8ac2..f1e4f07  main -> main
2026-10-03 13:00:04 - OK: Archivos enviados correctamente a GitHub.
2026-10-03 13:00:04 - ============================================================
2026-10-03 13:00:04 - ENVIO COMPLETADO CORRECTAMENTE
2026-10-03 13:00:04 - ============================================================
2026-10-04 13:00:01 - ============================================================
2026-10-04 13:00:01 - INICIO DE ENVIO DE REPORTES 2026
2026-10-04 13:00:01 - ============================================================
2026-10-04 13:00:01 - Origen: /home/soporte/Documents
2026-10-04 13:00:01 - Repositorio: /home/soporte/Documents/DATASETS_CLASE
2026-10-04 13:00:01 - Verificando archivos de origen...
2026-10-04 13:00:01 - OK: Ambos archivos existen.
2026-10-04 13:00:01 - Copiando archivos al repositorio...
2026-10-04 13:00:01 - OK: Archivos copiados correctamente.
2026-10-04 13:00:01 - OK: Archivos verificados en el repositorio.
2026-10-04 13:00:01 - Estado actual del repositorio:
 M REPORTE_AUTOMATIZADO_2026.csv
 M REPORTE_DIGDT_2026.csv
 M cron_2026.log
 M subida.log
 M subida_2026.log
2026-10-04 13:00:01 - Agregando archivos al repositorio...
2026-10-04 13:00:01 - OK: Archivos agregados a Git.
2026-10-04 13:00:01 - Creando commit...
[main de1bd4c] Actualizacion de reportes 2026
 2 files changed, 5 insertions(+), 3 deletions(-)
2026-10-04 13:00:01 - OK: Commit creado correctamente.
2026-10-04 13:00:01 - Enviando archivos a GitHub...
To github.com:sebastianVP/DATASETS_CLASE.git
   40963fe..de1bd4c  main -> main
2026-10-04 13:00:05 - OK: Archivos enviados correctamente a GitHub.
2026-10-04 13:00:05 - ============================================================
2026-10-04 13:00:05 - ENVIO COMPLETADO CORRECTAMENTE
2026-10-04 13:00:05 - ============================================================
